# CauchyLift Phase 1 reconstruction commands (UTC 2026-08-28)
# Commands do not contain credentials. Web query strings are recorded in research/search_log.md.

uname -a
python3 --version
df -h .
git status --short --branch
git remote -v

python3 -m compileall -q analysis
python3 analysis/run_property_checks.py --samples 5000 --output analysis/results/property_checks.json
python3 analysis/run_quadratic_suite.py --trials 16 --exact-steps 600 --scheduled-steps 400 --output analysis/results/quadratic_suite.json
python3 analysis/run_rank_probe.py --samples 200 --output analysis/results/rank_probe.json
python3 analysis/run_rejection_checks.py --trials 200 --output analysis/results/rejection_checks.json
python3 analysis/run_adversarial_audit.py --output analysis/results/adversarial_audit.json

# Lean was absent initially. The official elan installer supplied the pinned toolchain.
curl -fsSL https://raw.githubusercontent.com/leanprover/elan/master/elan-init.sh -o /tmp/cauchylift-elan-init.sh
sh /tmp/cauchylift-elan-init.sh -y --default-toolchain none
cd formal
PATH=/root/.elan/bin:$PATH lake update
PATH=/root/.elan/bin:$PATH lake build

sha256sum analysis/results/*.json paper/paper.md research/*.md formal/CauchyLift/*.lean
git diff --check
